--------------------------------------------------------------------------------------
Timing Analyzer Summary
--------------------------------------------------------------------------------------

Type           : Worst-case tsu
Slack          : N/A
Required Time  : None
Actual Time    : 16.833 ns
From           : SRAM_DQ[1]
To             : vga_mod:VGA|vga:G|VGA_R[8]
From Clock     : --
To Clock       : CLOCK_50
Failed Paths   : 0

Type           : Worst-case tco
Slack          : N/A
Required Time  : None
Actual Time    : 14.351 ns
From           : a_diff[23]
To             : LEDR[5]
From Clock     : CLOCK_50
To Clock       : --
Failed Paths   : 0

Type           : Worst-case tpd
Slack          : N/A
Required Time  : None
Actual Time    : 16.308 ns
From           : SW[17]
To             : LEDR[4]
From Clock     : --
To Clock       : --
Failed Paths   : 0

Type           : Worst-case th
Slack          : N/A
Required Time  : None
Actual Time    : 3.039 ns
From           : altera_internal_jtag~TDIUTAP
To             : sld_hub:sld_hub_inst|HUB_BYPASS_REG
From Clock     : --
To Clock       : altera_internal_jtag~TCKUTAP
Failed Paths   : 0

Type           : Clock Setup: 'pll5025:CLK5025|altpll:altpll_component|_clk0'
Slack          : 7.612 ns
Required Time  : 50.00 MHz ( period = 20.000 ns )
Actual Time    : 80.72 MHz ( period = 12.388 ns )
From           : nios:NIOS|cpu:the_cpu|F_pc[21]
To             : nios:NIOS|cpu:the_cpu|av_ld_byte2_data[1]
From Clock     : pll5025:CLK5025|altpll:altpll_component|_clk0
To Clock       : pll5025:CLK5025|altpll:altpll_component|_clk0
Failed Paths   : 0

Type           : Clock Setup: 'pll5025:CLK5025|altpll:altpll_component|_clk1'
Slack          : 8.293 ns
Required Time  : 25.00 MHz ( period = 40.000 ns )
Actual Time    : N/A
From           : hook:IFM|ifmunitd:ifm|ow[0]
To             : vga_mod:VGA|vga:G|VGA_R[8]
From Clock     : pll5025:CLK5025|altpll:altpll_component|_clk0
To Clock       : pll5025:CLK5025|altpll:altpll_component|_clk1
Failed Paths   : 0

Type           : Clock Setup: 'altera_internal_jtag~TCKUTAP'
Slack          : N/A
Required Time  : None
Actual Time    : 114.65 MHz ( period = 8.722 ns )
From           : sld_hub:sld_hub_inst|CLR_SIGNAL
To             : nios:NIOS|cpu:the_cpu|cpu_nios2_oci:the_cpu_nios2_oci|cpu_jtag_debug_module_wrapper:the_cpu_jtag_debug_module_wrapper|cpu_jtag_debug_module:the_cpu_jtag_debug_module1|ir[0]
From Clock     : altera_internal_jtag~TCKUTAP
To Clock       : altera_internal_jtag~TCKUTAP
Failed Paths   : 0

Type           : Clock Hold: 'pll5025:CLK5025|altpll:altpll_component|_clk0'
Slack          : 0.391 ns
Required Time  : 50.00 MHz ( period = 20.000 ns )
Actual Time    : N/A
From           : nios:NIOS|sdram:the_sdram|i_count[0]
To             : nios:NIOS|sdram:the_sdram|i_count[0]
From Clock     : pll5025:CLK5025|altpll:altpll_component|_clk0
To Clock       : pll5025:CLK5025|altpll:altpll_component|_clk0
Failed Paths   : 0

Type           : Clock Hold: 'pll5025:CLK5025|altpll:altpll_component|_clk1'
Slack          : 0.391 ns
Required Time  : 25.00 MHz ( period = 40.000 ns )
Actual Time    : N/A
From           : vga_mod:VGA|vga:G|vga_vsync
To             : vga_mod:VGA|vga:G|vga_vsync
From Clock     : pll5025:CLK5025|altpll:altpll_component|_clk1
To Clock       : pll5025:CLK5025|altpll:altpll_component|_clk1
Failed Paths   : 0

Type           : Total number of failed paths
Slack          : 
Required Time  : 
Actual Time    : 
From           : 
To             : 
From Clock     : 
To Clock       : 
Failed Paths   : 0

--------------------------------------------------------------------------------------

